{
  "version": "1.5.0",
  "plugins_used": [
    {
      "name": "ArtifactoryDetector"
    },
    {
      "name": "AWSKeyDetector"
    },
    {
      "name": "AzureStorageKeyDetector"
    },
    {
      "name": "Base64HighEntropyString",
      "limit": 4.5
    },
    {
      "name": "BasicAuthDetector"
    },
    {
      "name": "CloudantDetector"
    },
    {
      "name": "DiscordBotTokenDetector"
    },
    {
      "name": "GitHubTokenDetector"
    },
    {
      "name": "GitLabTokenDetector"
    },
    {
      "name": "HexHighEntropyString",
      "limit": 3.0
    },
    {
      "name": "IbmCloudIamDetector"
    },
    {
      "name": "IbmCosHmacDetector"
    },
    {
      "name": "IPPublicDetector"
    },
    {
      "name": "JwtTokenDetector"
    },
    {
      "name": "KeywordDetector",
      "keyword_exclude": ""
    },
    {
      "name": "MailchimpDetector"
    },
    {
      "name": "NpmDetector"
    },
    {
      "name": "OpenAIDetector"
    },
    {
      "name": "PrivateKeyDetector"
    },
    {
      "name": "PypiTokenDetector"
    },
    {
      "name": "SendGridDetector"
    },
    {
      "name": "SlackDetector"
    },
    {
      "name": "SoftlayerDetector"
    },
    {
      "name": "SquareOAuthDetector"
    },
    {
      "name": "StripeDetector"
    },
    {
      "name": "TelegramBotTokenDetector"
    },
    {
      "name": "TwilioKeyDetector"
    }
  ],
  "filters_used": [
    {
      "path": "detect_secrets.filters.allowlist.is_line_allowlisted"
    },
    {
      "path": "detect_secrets.filters.common.is_baseline_file",
      "filename": ".secrets.baseline"
    },
    {
      "path": "detect_secrets.filters.common.is_ignored_due_to_verification_policies",
      "min_level": 2
    },
    {
      "path": "detect_secrets.filters.heuristic.is_indirect_reference"
    },
    {
      "path": "detect_secrets.filters.heuristic.is_likely_id_string"
    },
    {
      "path": "detect_secrets.filters.heuristic.is_lock_file"
    },
    {
      "path": "detect_secrets.filters.heuristic.is_not_alphanumeric_string"
    },
    {
      "path": "detect_secrets.filters.heuristic.is_potential_uuid"
    },
    {
      "path": "detect_secrets.filters.heuristic.is_prefixed_with_dollar_sign"
    },
    {
      "path": "detect_secrets.filters.heuristic.is_sequential_string"
    },
    {
      "path": "detect_secrets.filters.heuristic.is_swagger_file"
    },
    {
      "path": "detect_secrets.filters.heuristic.is_templated_secret"
    },
    {
      "path": "detect_secrets.filters.regex.should_exclude_file",
      "pattern": [
        "(^uv\\.lock$|^\\.git/|^\\.venv/|^\\.bootstrap/|^\\.localnet-state/|^dashboard/node_modules/|^dashboard/\\.next/|^dashboard/dist/|^dist/)"
      ]
    }
  ],
  "results": {
    "dashboard/evidence/localnet-v1-epoch-8.json": [
      {
        "type": "Hex High Entropy String",
        "filename": "dashboard/evidence/localnet-v1-epoch-8.json",
        "hashed_secret": "52c3791706a0fdd845797f8dcdf5eb76601149cd",
        "is_verified": false,
        "line_number": 8
      },
      {
        "type": "Hex High Entropy String",
        "filename": "dashboard/evidence/localnet-v1-epoch-8.json",
        "hashed_secret": "157adc2b7a77b2e4271b5f3faf354620482ca971",
        "is_verified": false,
        "line_number": 10
      },
      {
        "type": "Base64 High Entropy String",
        "filename": "dashboard/evidence/localnet-v1-epoch-8.json",
        "hashed_secret": "b12e86602d4a3f5138f96fd8a03d267f5ba8f3b5",
        "is_verified": false,
        "line_number": 13
      },
      {
        "type": "Base64 High Entropy String",
        "filename": "dashboard/evidence/localnet-v1-epoch-8.json",
        "hashed_secret": "03c14bce7e95a3317bcafbd7b7484b27dcf028eb",
        "is_verified": false,
        "line_number": 15
      },
      {
        "type": "Base64 High Entropy String",
        "filename": "dashboard/evidence/localnet-v1-epoch-8.json",
        "hashed_secret": "331d7cbc9e945dcba2ff31c668cba758bed56e44",
        "is_verified": false,
        "line_number": 16
      },
      {
        "type": "Hex High Entropy String",
        "filename": "dashboard/evidence/localnet-v1-epoch-8.json",
        "hashed_secret": "45276a825b0352310ad68226109680215ded57a7",
        "is_verified": false,
        "line_number": 18
      },
      {
        "type": "Hex High Entropy String",
        "filename": "dashboard/evidence/localnet-v1-epoch-8.json",
        "hashed_secret": "afefc827c9e47a9ec2edce6f24d091aed6d162ea",
        "is_verified": false,
        "line_number": 22
      },
      {
        "type": "Hex High Entropy String",
        "filename": "dashboard/evidence/localnet-v1-epoch-8.json",
        "hashed_secret": "68c7a1f1262d40ab6e76a98f88fef3946ec9543e",
        "is_verified": false,
        "line_number": 23
      },
      {
        "type": "Hex High Entropy String",
        "filename": "dashboard/evidence/localnet-v1-epoch-8.json",
        "hashed_secret": "b60c42e73458d68f58dac8749363561ba2d1db43",
        "is_verified": false,
        "line_number": 43
      },
      {
        "type": "Hex High Entropy String",
        "filename": "dashboard/evidence/localnet-v1-epoch-8.json",
        "hashed_secret": "a654c26ebe3f141b6df5370583acb1d70b543cf3",
        "is_verified": false,
        "line_number": 73
      },
      {
        "type": "Hex High Entropy String",
        "filename": "dashboard/evidence/localnet-v1-epoch-8.json",
        "hashed_secret": "ac5121609bcd6272002741f3e4d6b3cc5d8b37c9",
        "is_verified": false,
        "line_number": 102
      },
      {
        "type": "Hex High Entropy String",
        "filename": "dashboard/evidence/localnet-v1-epoch-8.json",
        "hashed_secret": "4c446ab06fac707f427ecc5626cace69b07e2ae0",
        "is_verified": false,
        "line_number": 108
      },
      {
        "type": "Hex High Entropy String",
        "filename": "dashboard/evidence/localnet-v1-epoch-8.json",
        "hashed_secret": "0b057c3d95f124e7336f7f8c8513ea8d0f3ccdbf",
        "is_verified": false,
        "line_number": 109
      }
    ],
    "dashboard/evidence/localnet-v2.json": [
      {
        "type": "Hex High Entropy String",
        "filename": "dashboard/evidence/localnet-v2.json",
        "hashed_secret": "bacc68e97a8fd6bdaf79acad20ae85c94872fb79",
        "is_verified": false,
        "line_number": 1
      }
    ],
    "planrace/benchmark_v2.py": [
      {
        "type": "Hex High Entropy String",
        "filename": "planrace/benchmark_v2.py",
        "hashed_secret": "f5b29960ac983fbb1d07fd887e35d31ff8f190c3",
        "is_verified": false,
        "line_number": 47
      }
    ],
    "results/localnet-epoch-8.json": [
      {
        "type": "Hex High Entropy String",
        "filename": "results/localnet-epoch-8.json",
        "hashed_secret": "45276a825b0352310ad68226109680215ded57a7",
        "is_verified": false,
        "line_number": 6
      },
      {
        "type": "Base64 High Entropy String",
        "filename": "results/localnet-epoch-8.json",
        "hashed_secret": "03c14bce7e95a3317bcafbd7b7484b27dcf028eb",
        "is_verified": false,
        "line_number": 11
      },
      {
        "type": "Hex High Entropy String",
        "filename": "results/localnet-epoch-8.json",
        "hashed_secret": "b60c42e73458d68f58dac8749363561ba2d1db43",
        "is_verified": false,
        "line_number": 15
      },
      {
        "type": "Base64 High Entropy String",
        "filename": "results/localnet-epoch-8.json",
        "hashed_secret": "331d7cbc9e945dcba2ff31c668cba758bed56e44",
        "is_verified": false,
        "line_number": 25
      }
    ],
    "results/localnet-v2/manifest.json": [
      {
        "type": "Hex High Entropy String",
        "filename": "results/localnet-v2/manifest.json",
        "hashed_secret": "bacc68e97a8fd6bdaf79acad20ae85c94872fb79",
        "is_verified": false,
        "line_number": 1
      }
    ],
    "results/mechanism-v2/MECHANISM_SIMULATION.json": [
      {
        "type": "Hex High Entropy String",
        "filename": "results/mechanism-v2/MECHANISM_SIMULATION.json",
        "hashed_secret": "62500cbe6cf35dd6a5d0973583e5868f9c874d79",
        "is_verified": false,
        "line_number": 193
      },
      {
        "type": "Hex High Entropy String",
        "filename": "results/mechanism-v2/MECHANISM_SIMULATION.json",
        "hashed_secret": "535a89bd8c519182ecad7ea202bce83540c8c9f2",
        "is_verified": false,
        "line_number": 216
      },
      {
        "type": "Hex High Entropy String",
        "filename": "results/mechanism-v2/MECHANISM_SIMULATION.json",
        "hashed_secret": "dcaf3ff0b2f571ad05a89cf8aa3008e7d5e81c3a",
        "is_verified": false,
        "line_number": 239
      },
      {
        "type": "Hex High Entropy String",
        "filename": "results/mechanism-v2/MECHANISM_SIMULATION.json",
        "hashed_secret": "65e816d37062a8fb02c49077ebe53ed120ef7b24",
        "is_verified": false,
        "line_number": 262
      },
      {
        "type": "Hex High Entropy String",
        "filename": "results/mechanism-v2/MECHANISM_SIMULATION.json",
        "hashed_secret": "bd6168f8d71c832c3941bcae2860e6dcb9e254e6",
        "is_verified": false,
        "line_number": 285
      },
      {
        "type": "Hex High Entropy String",
        "filename": "results/mechanism-v2/MECHANISM_SIMULATION.json",
        "hashed_secret": "62accaacf03a845895a1a692cd0ebae7e55ba1f4",
        "is_verified": false,
        "line_number": 308
      },
      {
        "type": "Hex High Entropy String",
        "filename": "results/mechanism-v2/MECHANISM_SIMULATION.json",
        "hashed_secret": "fa4d361d0d85d5192e1334965165da9d405426da",
        "is_verified": false,
        "line_number": 331
      },
      {
        "type": "Hex High Entropy String",
        "filename": "results/mechanism-v2/MECHANISM_SIMULATION.json",
        "hashed_secret": "ac370ba43ba684505073981c3b30f4cbd453f21a",
        "is_verified": false,
        "line_number": 354
      },
      {
        "type": "Hex High Entropy String",
        "filename": "results/mechanism-v2/MECHANISM_SIMULATION.json",
        "hashed_secret": "0ae6ae64df80ef9e2f9068dc1ecf893127f11b6f",
        "is_verified": false,
        "line_number": 377
      },
      {
        "type": "Hex High Entropy String",
        "filename": "results/mechanism-v2/MECHANISM_SIMULATION.json",
        "hashed_secret": "dbde2a0d6c2335614d7d5a1c2cbcce592bf59002",
        "is_verified": false,
        "line_number": 400
      },
      {
        "type": "Hex High Entropy String",
        "filename": "results/mechanism-v2/MECHANISM_SIMULATION.json",
        "hashed_secret": "be32991b37a273331ce0e6029412fe7c6b3bb83e",
        "is_verified": false,
        "line_number": 423
      },
      {
        "type": "Hex High Entropy String",
        "filename": "results/mechanism-v2/MECHANISM_SIMULATION.json",
        "hashed_secret": "681c5cce1f69cc0fffe3f456009fd6d4ddb472a1",
        "is_verified": false,
        "line_number": 446
      },
      {
        "type": "Hex High Entropy String",
        "filename": "results/mechanism-v2/MECHANISM_SIMULATION.json",
        "hashed_secret": "22bf5ab1249f2867bef4a19f302958e3b81b1aca",
        "is_verified": false,
        "line_number": 469
      },
      {
        "type": "Hex High Entropy String",
        "filename": "results/mechanism-v2/MECHANISM_SIMULATION.json",
        "hashed_secret": "c6a1502477db648e5395c43699d9bc8c7cbc199c",
        "is_verified": false,
        "line_number": 492
      },
      {
        "type": "Hex High Entropy String",
        "filename": "results/mechanism-v2/MECHANISM_SIMULATION.json",
        "hashed_secret": "75ffcae2e1961f8c0a730333fbc0cef86220e27d",
        "is_verified": false,
        "line_number": 515
      },
      {
        "type": "Hex High Entropy String",
        "filename": "results/mechanism-v2/MECHANISM_SIMULATION.json",
        "hashed_secret": "40c93b83094ec62b1fa24afe502529771546063d",
        "is_verified": false,
        "line_number": 538
      },
      {
        "type": "Hex High Entropy String",
        "filename": "results/mechanism-v2/MECHANISM_SIMULATION.json",
        "hashed_secret": "bfb60b311e49cb4310ca8f6245959b13ce21b0fd",
        "is_verified": false,
        "line_number": 561
      },
      {
        "type": "Hex High Entropy String",
        "filename": "results/mechanism-v2/MECHANISM_SIMULATION.json",
        "hashed_secret": "892bbd2c2e6111518c0f9241ea1b0ad07d6ff954",
        "is_verified": false,
        "line_number": 607
      },
      {
        "type": "Hex High Entropy String",
        "filename": "results/mechanism-v2/MECHANISM_SIMULATION.json",
        "hashed_secret": "a188556df4a46bdbef82d6bbfe41a8e8dc4bc9c8",
        "is_verified": false,
        "line_number": 622
      },
      {
        "type": "Hex High Entropy String",
        "filename": "results/mechanism-v2/MECHANISM_SIMULATION.json",
        "hashed_secret": "a8774f6a215a2b7f2a5a54cbef09b63e7306d286",
        "is_verified": false,
        "line_number": 645
      }
    ],
    "results/mechanism-v2/manifest.json": [
      {
        "type": "Hex High Entropy String",
        "filename": "results/mechanism-v2/manifest.json",
        "hashed_secret": "1e6a248032d728ebda496349fbcad6211f6fdf65",
        "is_verified": false,
        "line_number": 3
      },
      {
        "type": "Hex High Entropy String",
        "filename": "results/mechanism-v2/manifest.json",
        "hashed_secret": "39856ec48a218d03ea82aef08e5285c6f90dffb9",
        "is_verified": false,
        "line_number": 4
      },
      {
        "type": "Hex High Entropy String",
        "filename": "results/mechanism-v2/manifest.json",
        "hashed_secret": "f81b694a30758a8e3dea8e2c0e7ec6913da8e37b",
        "is_verified": false,
        "line_number": 5
      },
      {
        "type": "Hex High Entropy String",
        "filename": "results/mechanism-v2/manifest.json",
        "hashed_secret": "1c1af5310d9866159f30fd2cb74849f8002d1178",
        "is_verified": false,
        "line_number": 8
      },
      {
        "type": "Hex High Entropy String",
        "filename": "results/mechanism-v2/manifest.json",
        "hashed_secret": "1dedcccdd2891d434a7c7c08b8aa594c6016cb98",
        "is_verified": false,
        "line_number": 10
      },
      {
        "type": "Hex High Entropy String",
        "filename": "results/mechanism-v2/manifest.json",
        "hashed_secret": "fc2413a78211321de6cc974aeab2ca7b9b656aa5",
        "is_verified": false,
        "line_number": 13
      },
      {
        "type": "Hex High Entropy String",
        "filename": "results/mechanism-v2/manifest.json",
        "hashed_secret": "5e5860efcc1f7ab3484e0f1b6a01dabadd02a2cc",
        "is_verified": false,
        "line_number": 25
      },
      {
        "type": "Hex High Entropy String",
        "filename": "results/mechanism-v2/manifest.json",
        "hashed_secret": "c289096f04863fa534c53d97fdd162b698655878",
        "is_verified": false,
        "line_number": 27
      },
      {
        "type": "Hex High Entropy String",
        "filename": "results/mechanism-v2/manifest.json",
        "hashed_secret": "9ce67393a644146f319ad3892b683f4812ffaf25",
        "is_verified": false,
        "line_number": 28
      },
      {
        "type": "Hex High Entropy String",
        "filename": "results/mechanism-v2/manifest.json",
        "hashed_secret": "64ae7fa484a7fa09a8e8ee945b04e13621ed1f9f",
        "is_verified": false,
        "line_number": 29
      },
      {
        "type": "Hex High Entropy String",
        "filename": "results/mechanism-v2/manifest.json",
        "hashed_secret": "71582fa0cc297621101f427a99aaf4e583181851",
        "is_verified": false,
        "line_number": 31
      }
    ],
    "results/mechanism-v2/simulation.json": [
      {
        "type": "Hex High Entropy String",
        "filename": "results/mechanism-v2/simulation.json",
        "hashed_secret": "62500cbe6cf35dd6a5d0973583e5868f9c874d79",
        "is_verified": false,
        "line_number": 193
      },
      {
        "type": "Hex High Entropy String",
        "filename": "results/mechanism-v2/simulation.json",
        "hashed_secret": "535a89bd8c519182ecad7ea202bce83540c8c9f2",
        "is_verified": false,
        "line_number": 216
      },
      {
        "type": "Hex High Entropy String",
        "filename": "results/mechanism-v2/simulation.json",
        "hashed_secret": "dcaf3ff0b2f571ad05a89cf8aa3008e7d5e81c3a",
        "is_verified": false,
        "line_number": 239
      },
      {
        "type": "Hex High Entropy String",
        "filename": "results/mechanism-v2/simulation.json",
        "hashed_secret": "65e816d37062a8fb02c49077ebe53ed120ef7b24",
        "is_verified": false,
        "line_number": 262
      },
      {
        "type": "Hex High Entropy String",
        "filename": "results/mechanism-v2/simulation.json",
        "hashed_secret": "bd6168f8d71c832c3941bcae2860e6dcb9e254e6",
        "is_verified": false,
        "line_number": 285
      },
      {
        "type": "Hex High Entropy String",
        "filename": "results/mechanism-v2/simulation.json",
        "hashed_secret": "62accaacf03a845895a1a692cd0ebae7e55ba1f4",
        "is_verified": false,
        "line_number": 308
      },
      {
        "type": "Hex High Entropy String",
        "filename": "results/mechanism-v2/simulation.json",
        "hashed_secret": "fa4d361d0d85d5192e1334965165da9d405426da",
        "is_verified": false,
        "line_number": 331
      },
      {
        "type": "Hex High Entropy String",
        "filename": "results/mechanism-v2/simulation.json",
        "hashed_secret": "ac370ba43ba684505073981c3b30f4cbd453f21a",
        "is_verified": false,
        "line_number": 354
      },
      {
        "type": "Hex High Entropy String",
        "filename": "results/mechanism-v2/simulation.json",
        "hashed_secret": "0ae6ae64df80ef9e2f9068dc1ecf893127f11b6f",
        "is_verified": false,
        "line_number": 377
      },
      {
        "type": "Hex High Entropy String",
        "filename": "results/mechanism-v2/simulation.json",
        "hashed_secret": "dbde2a0d6c2335614d7d5a1c2cbcce592bf59002",
        "is_verified": false,
        "line_number": 400
      },
      {
        "type": "Hex High Entropy String",
        "filename": "results/mechanism-v2/simulation.json",
        "hashed_secret": "be32991b37a273331ce0e6029412fe7c6b3bb83e",
        "is_verified": false,
        "line_number": 423
      },
      {
        "type": "Hex High Entropy String",
        "filename": "results/mechanism-v2/simulation.json",
        "hashed_secret": "681c5cce1f69cc0fffe3f456009fd6d4ddb472a1",
        "is_verified": false,
        "line_number": 446
      },
      {
        "type": "Hex High Entropy String",
        "filename": "results/mechanism-v2/simulation.json",
        "hashed_secret": "22bf5ab1249f2867bef4a19f302958e3b81b1aca",
        "is_verified": false,
        "line_number": 469
      },
      {
        "type": "Hex High Entropy String",
        "filename": "results/mechanism-v2/simulation.json",
        "hashed_secret": "c6a1502477db648e5395c43699d9bc8c7cbc199c",
        "is_verified": false,
        "line_number": 492
      },
      {
        "type": "Hex High Entropy String",
        "filename": "results/mechanism-v2/simulation.json",
        "hashed_secret": "75ffcae2e1961f8c0a730333fbc0cef86220e27d",
        "is_verified": false,
        "line_number": 515
      },
      {
        "type": "Hex High Entropy String",
        "filename": "results/mechanism-v2/simulation.json",
        "hashed_secret": "40c93b83094ec62b1fa24afe502529771546063d",
        "is_verified": false,
        "line_number": 538
      },
      {
        "type": "Hex High Entropy String",
        "filename": "results/mechanism-v2/simulation.json",
        "hashed_secret": "bfb60b311e49cb4310ca8f6245959b13ce21b0fd",
        "is_verified": false,
        "line_number": 561
      },
      {
        "type": "Hex High Entropy String",
        "filename": "results/mechanism-v2/simulation.json",
        "hashed_secret": "892bbd2c2e6111518c0f9241ea1b0ad07d6ff954",
        "is_verified": false,
        "line_number": 607
      },
      {
        "type": "Hex High Entropy String",
        "filename": "results/mechanism-v2/simulation.json",
        "hashed_secret": "a188556df4a46bdbef82d6bbfe41a8e8dc4bc9c8",
        "is_verified": false,
        "line_number": 622
      },
      {
        "type": "Hex High Entropy String",
        "filename": "results/mechanism-v2/simulation.json",
        "hashed_secret": "a8774f6a215a2b7f2a5a54cbef09b63e7306d286",
        "is_verified": false,
        "line_number": 645
      }
    ],
    "results/mechanism-v2/summary.json": [
      {
        "type": "Hex High Entropy String",
        "filename": "results/mechanism-v2/summary.json",
        "hashed_secret": "dcaf3ff0b2f571ad05a89cf8aa3008e7d5e81c3a",
        "is_verified": false,
        "line_number": 34
      },
      {
        "type": "Hex High Entropy String",
        "filename": "results/mechanism-v2/summary.json",
        "hashed_secret": "65e816d37062a8fb02c49077ebe53ed120ef7b24",
        "is_verified": false,
        "line_number": 44
      },
      {
        "type": "Hex High Entropy String",
        "filename": "results/mechanism-v2/summary.json",
        "hashed_secret": "bd6168f8d71c832c3941bcae2860e6dcb9e254e6",
        "is_verified": false,
        "line_number": 54
      },
      {
        "type": "Hex High Entropy String",
        "filename": "results/mechanism-v2/summary.json",
        "hashed_secret": "dbde2a0d6c2335614d7d5a1c2cbcce592bf59002",
        "is_verified": false,
        "line_number": 65
      },
      {
        "type": "Hex High Entropy String",
        "filename": "results/mechanism-v2/summary.json",
        "hashed_secret": "22bf5ab1249f2867bef4a19f302958e3b81b1aca",
        "is_verified": false,
        "line_number": 76
      },
      {
        "type": "Hex High Entropy String",
        "filename": "results/mechanism-v2/summary.json",
        "hashed_secret": "62500cbe6cf35dd6a5d0973583e5868f9c874d79",
        "is_verified": false,
        "line_number": 87
      },
      {
        "type": "Hex High Entropy String",
        "filename": "results/mechanism-v2/summary.json",
        "hashed_secret": "75ffcae2e1961f8c0a730333fbc0cef86220e27d",
        "is_verified": false,
        "line_number": 97
      },
      {
        "type": "Hex High Entropy String",
        "filename": "results/mechanism-v2/summary.json",
        "hashed_secret": "be32991b37a273331ce0e6029412fe7c6b3bb83e",
        "is_verified": false,
        "line_number": 108
      },
      {
        "type": "Hex High Entropy String",
        "filename": "results/mechanism-v2/summary.json",
        "hashed_secret": "fa4d361d0d85d5192e1334965165da9d405426da",
        "is_verified": false,
        "line_number": 118
      },
      {
        "type": "Hex High Entropy String",
        "filename": "results/mechanism-v2/summary.json",
        "hashed_secret": "40c93b83094ec62b1fa24afe502529771546063d",
        "is_verified": false,
        "line_number": 129
      },
      {
        "type": "Hex High Entropy String",
        "filename": "results/mechanism-v2/summary.json",
        "hashed_secret": "0ae6ae64df80ef9e2f9068dc1ecf893127f11b6f",
        "is_verified": false,
        "line_number": 140
      },
      {
        "type": "Hex High Entropy String",
        "filename": "results/mechanism-v2/summary.json",
        "hashed_secret": "535a89bd8c519182ecad7ea202bce83540c8c9f2",
        "is_verified": false,
        "line_number": 150
      },
      {
        "type": "Hex High Entropy String",
        "filename": "results/mechanism-v2/summary.json",
        "hashed_secret": "ac370ba43ba684505073981c3b30f4cbd453f21a",
        "is_verified": false,
        "line_number": 160
      },
      {
        "type": "Hex High Entropy String",
        "filename": "results/mechanism-v2/summary.json",
        "hashed_secret": "bfb60b311e49cb4310ca8f6245959b13ce21b0fd",
        "is_verified": false,
        "line_number": 170
      },
      {
        "type": "Hex High Entropy String",
        "filename": "results/mechanism-v2/summary.json",
        "hashed_secret": "892bbd2c2e6111518c0f9241ea1b0ad07d6ff954",
        "is_verified": false,
        "line_number": 190
      },
      {
        "type": "Hex High Entropy String",
        "filename": "results/mechanism-v2/summary.json",
        "hashed_secret": "a188556df4a46bdbef82d6bbfe41a8e8dc4bc9c8",
        "is_verified": false,
        "line_number": 197
      },
      {
        "type": "Hex High Entropy String",
        "filename": "results/mechanism-v2/summary.json",
        "hashed_secret": "a8774f6a215a2b7f2a5a54cbef09b63e7306d286",
        "is_verified": false,
        "line_number": 207
      },
      {
        "type": "Hex High Entropy String",
        "filename": "results/mechanism-v2/summary.json",
        "hashed_secret": "681c5cce1f69cc0fffe3f456009fd6d4ddb472a1",
        "is_verified": false,
        "line_number": 210
      },
      {
        "type": "Hex High Entropy String",
        "filename": "results/mechanism-v2/summary.json",
        "hashed_secret": "62accaacf03a845895a1a692cd0ebae7e55ba1f4",
        "is_verified": false,
        "line_number": 220
      },
      {
        "type": "Hex High Entropy String",
        "filename": "results/mechanism-v2/summary.json",
        "hashed_secret": "c6a1502477db648e5395c43699d9bc8c7cbc199c",
        "is_verified": false,
        "line_number": 230
      }
    ],
    "tests/test_sandbox_v2.py": [
      {
        "type": "Base64 High Entropy String",
        "filename": "tests/test_sandbox_v2.py",
        "hashed_secret": "f2ad85f5e11b541de52c8a2c36ff5da75d576d11",
        "is_verified": false,
        "line_number": 116
      }
    ]
  },
  "generated_at": "2026-09-06T09:58:20Z"
}
